// Jest Snapshot v1, https://goo.gl/fbAQLP

exports[`<Titlebox /> render 1`] = `
<div
  className="container"
>
  <div
    className="titlebox"
  >
    <h1
      data-testid="title"
    >
      hello
    </h1>
  </div>
  <div
    className="typebox"
  >
    <h4
      data-testid="type"
    >
      world
    </h4>
  </div>
</div>
`;
